[1/34] Building CXX object src/runtime/CMakeFiles/microllm_runtime.dir/runtime.cpp.o
[2/34] Building CXX object src/core/CMakeFiles/microllm_core.dir/device.cpp.o
[3/34] Building CXX object src/core/CMakeFiles/microllm_core.dir/storage.cpp.o
[4/34] Building HIP object src/runtime/CMakeFiles/microllm_runtime.dir/hip_strided_copy.hip.o
[5/34] Linking HIP static library src/runtime/libmicrollm_runtime.a
[6/34] Building CXX object src/core/CMakeFiles/microllm_core.dir/tensor.cpp.o
[7/34] Linking HIP static library src/core/libmicrollm_core.a
[8/34] Building CXX object src/profiling/CMakeFiles/microllm_profiling.dir/trace.cpp.o
[9/34] Building CXX object src/ops/CMakeFiles/microllm_ops.dir/low_level.cpp.o
[10/34] Building CXX object src/ops/CMakeFiles/microllm_ops.dir/optimized.cpp.o
[11/34] Building CXX object src/ops/CMakeFiles/microllm_ops.dir/ops.cpp.o
[12/34] Linking HIP static library src/profiling/libmicrollm_profiling.a
[13/34] Building CXX object src/autograd/CMakeFiles/microllm_autograd.dir/autograd.cpp.o
[14/34] Building CXX object src/io/CMakeFiles/microllm_io.dir/byte_tokenizer.cpp.o
[15/34] Building CXX object src/io/CMakeFiles/microllm_io.dir/token_dataset.cpp.o
[16/34] Building HIP object src/ops/CMakeFiles/microllm_ops.dir/hip/basic_kernels.hip.o
/home/devpod/github/microLLM-rocm/src/ops/hip/basic_kernels.hip:648:51: warning: unused parameter 'rows' [-Wunused-parameter]
  648 |                                      std::int64_t rows,
      |                                                   ^
/home/devpod/github/microLLM-rocm/src/ops/hip/basic_kernels.hip:2259:58: warning: implicit conversion loses integer precision: 'std::int64_t' (aka 'long') to 'uint32_t' (aka 'unsigned int') [-Wshorten-64-to-32]
 2259 |     hipLaunchKernelGGL(fp8_row_scale_kernel<Input>, dim3(rows),
      |                                                     ~~~~ ^~~~
/home/devpod/github/microLLM-rocm/src/ops/hip/basic_kernels.hip:2289:13: note: in instantiation of function template specialization 'microllm::ops::hip::launch_row_quantize_for_input<float>' requested here
 2289 |             launch_row_quantize_for_input(static_cast<const float*>(input),
      |             ^
/home/devpod/github/microLLM-rocm/src/ops/hip/basic_kernels.hip:2259:58: warning: implicit conversion loses integer precision: 'std::int64_t' (aka 'long') to 'uint32_t' (aka 'unsigned int') [-Wshorten-64-to-32]
 2259 |     hipLaunchKernelGGL(fp8_row_scale_kernel<Input>, dim3(rows),
      |                                                     ~~~~ ^~~~
/home/devpod/github/microLLM-rocm/src/ops/hip/basic_kernels.hip:2293:13: note: in instantiation of function template specialization 'microllm::ops::hip::launch_row_quantize_for_input<__half>' requested here
 2293 |             launch_row_quantize_for_input(static_cast<const __half*>(input),
      |             ^
/home/devpod/github/microLLM-rocm/src/ops/hip/basic_kernels.hip:2259:58: warning: implicit conversion loses integer precision: 'std::int64_t' (aka 'long') to 'uint32_t' (aka 'unsigned int') [-Wshorten-64-to-32]
 2259 |     hipLaunchKernelGGL(fp8_row_scale_kernel<Input>, dim3(rows),
      |                                                     ~~~~ ^~~~
/home/devpod/github/microLLM-rocm/src/ops/hip/basic_kernels.hip:2297:13: note: in instantiation of function template specialization 'microllm::ops::hip::launch_row_quantize_for_input<hip_bfloat16>' requested here
 2297 |             launch_row_quantize_for_input(static_cast<const hip_bfloat16*>(input),
      |             ^
4 warnings generated when compiling for gfx942.
/home/devpod/github/microLLM-rocm/src/ops/hip/basic_kernels.hip:648:51: warning: unused parameter 'rows' [-Wunused-parameter]
  648 |                                      std::int64_t rows,
      |                                                   ^
/home/devpod/github/microLLM-rocm/src/ops/hip/basic_kernels.hip:2259:58: warning: implicit conversion loses integer precision: 'std::int64_t' (aka 'long') to 'uint32_t' (aka 'unsigned int') [-Wshorten-64-to-32]
 2259 |     hipLaunchKernelGGL(fp8_row_scale_kernel<Input>, dim3(rows),
      |                                                     ~~~~ ^~~~
/home/devpod/github/microLLM-rocm/src/ops/hip/basic_kernels.hip:2289:13: note: in instantiation of function template specialization 'microllm::ops::hip::launch_row_quantize_for_input<float>' requested here
 2289 |             launch_row_quantize_for_input(static_cast<const float*>(input),
      |             ^
/home/devpod/github/microLLM-rocm/src/ops/hip/basic_kernels.hip:2259:58: warning: implicit conversion loses integer precision: 'std::int64_t' (aka 'long') to 'uint32_t' (aka 'unsigned int') [-Wshorten-64-to-32]
 2259 |     hipLaunchKernelGGL(fp8_row_scale_kernel<Input>, dim3(rows),
      |                                                     ~~~~ ^~~~
/home/devpod/github/microLLM-rocm/src/ops/hip/basic_kernels.hip:2293:13: note: in instantiation of function template specialization 'microllm::ops::hip::launch_row_quantize_for_input<__half>' requested here
 2293 |             launch_row_quantize_for_input(static_cast<const __half*>(input),
      |             ^
/home/devpod/github/microLLM-rocm/src/ops/hip/basic_kernels.hip:2259:58: warning: implicit conversion loses integer precision: 'std::int64_t' (aka 'long') to 'uint32_t' (aka 'unsigned int') [-Wshorten-64-to-32]
 2259 |     hipLaunchKernelGGL(fp8_row_scale_kernel<Input>, dim3(rows),
      |                                                     ~~~~ ^~~~
/home/devpod/github/microLLM-rocm/src/ops/hip/basic_kernels.hip:2297:13: note: in instantiation of function template specialization 'microllm::ops::hip::launch_row_quantize_for_input<hip_bfloat16>' requested here
 2297 |             launch_row_quantize_for_input(static_cast<const hip_bfloat16*>(input),
      |             ^
4 warnings generated when compiling for host.
[17/34] Linking HIP static library src/ops/libmicrollm_ops.a
[18/34] Building CXX object src/io/CMakeFiles/microllm_io.dir/bpe_tokenizer.cpp.o
[19/34] Building CXX object src/io/CMakeFiles/microllm_io.dir/chat_template.cpp.o
[20/34] Building CXX object src/io/CMakeFiles/microllm_io.dir/sft.cpp.o
[21/34] Building CXX object src/io/CMakeFiles/microllm_io.dir/huggingface_bpe_tokenizer.cpp.o
[22/34] Linking HIP static library src/autograd/libmicrollm_autograd.a
[23/34] Building CXX object src/model/CMakeFiles/microllm_model.dir/config.cpp.o
[24/34] Building CXX object src/model/CMakeFiles/microllm_model.dir/huggingface.cpp.o
[25/34] Building CXX object src/io/CMakeFiles/microllm_io.dir/safetensors.cpp.o
[26/34] Linking HIP static library src/io/libmicrollm_io.a
[27/34] Building CXX object src/inference/CMakeFiles/microllm_inference.dir/generator.cpp.o
[28/34] Building CXX object src/inference/CMakeFiles/microllm_inference.dir/kv_cache.cpp.o
[29/34] Building CXX object src/model/CMakeFiles/microllm_model.dir/model.cpp.o
[30/34] Linking HIP static library src/model/libmicrollm_model.a
[31/34] Building CXX object src/inference/CMakeFiles/microllm_inference.dir/scheduler.cpp.o
[32/34] Linking HIP static library src/inference/libmicrollm_inference.a
[33/34] Building CXX object apps/CMakeFiles/microllm_hf_infer.dir/hf_infer.cpp.o
[34/34] Linking HIP executable apps/microllm_hf_infer
