-- The C compiler identification is GNU 13.3.0
-- The CXX compiler identification is GNU 13.3.0
-- Detecting C compiler ABI info
-- Detecting C compiler ABI info - done
-- Check for working C compiler: /usr/bin/cc - skipped
-- Detecting C compile features
-- Detecting C compile features - done
-- Detecting CXX compiler ABI info
-- Detecting CXX compiler ABI info - done
-- Check for working CXX compiler: /usr/bin/c++ - skipped
-- Detecting CXX compile features
-- Detecting CXX compile features - done
-- Looking for a HIP compiler
-- Looking for a HIP compiler - /opt/python/lib/python3.13/site-packages/_rocm_sdk_devel/lib/llvm/bin/clang++
-- The HIP compiler identification is Clang 23.0.0
-- Detecting HIP compiler ABI info
-- Detecting HIP compiler ABI info - done
-- Check for working HIP compiler: /opt/python/lib/python3.13/site-packages/_rocm_sdk_devel/lib/llvm/bin/clang++ - skipped
-- Detecting HIP compile features
-- Detecting HIP compile features - done
-- HIP: Using hipcc from relative path: /opt/rocm/bin/hipcc
-- HIP_PLATFORM using hip_HIPCONFIG_EXECUTABLE: amd
-- Performing Test CMAKE_HAVE_LIBC_PTHREAD
-- Performing Test CMAKE_HAVE_LIBC_PTHREAD - Success
-- Found Threads: TRUE
--
-- microLLM-rocm 0.1.0
--   HIP:          ON
--   HIP arch:     gfx942
--   hipBLASLt:    ON
--   RCCL:         OFF
--   Tests:        OFF
--   Examples:     OFF
--   Sanitizers:   OFF
--   Coverage:     OFF
--
-- Configuring done (2.6s)
-- Generating done (0.0s)
-- Build files have been written to: /tmp/microllm-exp146-build.5xhhOH
